[38;20m2026-02-19 13:43:30,907 - INFO - Memory System usage is OK[0m
[38;20m2026-02-19 13:43:31,908 - INFO - CPU System usage is OK[0m
[38;20m2026-02-19 13:43:31,909 - INFO - RAM System usage is OK[0m
[38;20m2026-02-19 13:43:31,909 - INFO - C:\ System usage is OK[0m
[33;20m2026-02-19 13:43:31,910 - WARNING - D:\ System usage is high[0m

[38;20m2026-02-19 13:43:55,371 - INFO - Memory System usage is OK[0m
[38;20m2026-02-19 13:43:55,960 - INFO - Memory System usage is OK[0m
[38;20m2026-02-19 13:43:56,962 - INFO - CPU System usage is OK[0m
[38;20m2026-02-19 13:43:56,963 - INFO - RAM System usage is OK[0m
[38;20m2026-02-19 13:43:56,964 - INFO - C:\ System usage is OK[0m
[33;20m2026-02-19 13:43:56,964 - WARNING - D:\ System usage is high[0m
[38;20m2026-02-19 13:43:57,120 - INFO - Memory System usage is OK[0m
[38;20m2026-02-19 13:43:58,121 - INFO - CPU System usage is OK[0m
[38;20m2026-02-19 13:43:58,122 - INFO - RAM System usage is OK[0m
[38;20m2026-02-19 13:43:58,123 - INFO - C:\ System usage is OK[0m
[33;20m2026-02-19 13:43:58,124 - WARNING - D:\ System usage is high[0m

[38;20m2026-02-19 14:04:28,759 - INFO - Memory System usage is OK[0m
[38;20m2026-02-19 14:04:29,760 - INFO - CPU System usage is OK[0m
[38;20m2026-02-19 14:04:29,761 - INFO - RAM System usage is OK[0m
[38;20m2026-02-19 14:04:29,762 - INFO - C:\ System usage is OK[0m
[33;20m2026-02-19 14:04:29,762 - WARNING - D:\ System usage is high[0m
[38;20m2026-02-19 15:33:06,892 - INFO - Memory System usage is OK[0m
[38;20m2026-02-19 15:33:07,893 - INFO - CPU System usage is OK[0m
[38;20m2026-02-19 15:33:07,894 - INFO - RAM System usage is OK[0m
[38;20m2026-02-19 15:33:07,894 - INFO - C:\ System usage is OK[0m
[33;20m2026-02-19 15:33:07,894 - WARNING - D:\ System usage is high[0m
[38;20m2026-02-19 15:33:16,933 - INFO - Memory System usage is OK[0m
[38;20m2026-02-19 15:33:17,934 - INFO - CPU System usage is OK[0m
[38;20m2026-02-19 15:33:17,935 - INFO - RAM System usage is OK[0m
[38;20m2026-02-19 15:33:17,936 - INFO - C:\ System usage is OK[0m
[33;20m2026-02-19 15:33:17,936 - WARNING - D:\ System usage is high[0m
[38;20m2026-03-10 16:32:52,313 - INFO - Memory System usage is OK[0m
[38;20m2026-03-10 16:32:53,315 - INFO - CPU System usage is OK[0m
[38;20m2026-03-10 16:32:53,316 - INFO - RAM System usage is OK[0m
[38;20m2026-03-10 16:32:53,316 - INFO - C:\ System usage is OK[0m
[33;20m2026-03-10 16:32:53,317 - WARNING - D:\ System usage is high[0m
